// Jest Snapshot v1, https://goo.gl/fbAQLP

exports[`JournalEntry Component renders without crashing 1`] = `null`;
