// Jest Snapshot v1, https://goo.gl/fbAQLP

exports[`Quote Component renders without crashing 1`] = `
<div
  className="entryMain"
>
  <section
    className="motivQuote"
  >
    <h2 />
    <h4
      className="quoteBy"
    />
  </section>
</div>
`;
